-- Logs begin at Thu 2026-09-17 01:50:23 PDT, end at Thu 2026-10-01 01:58:07 PDT. --
Oct 01 01:21:27 ubuntu gnome-shell[1720]: cr_parser_new_from_buf: assertion 'a_buf && a_len' failed
Oct 01 01:21:27 ubuntu gnome-shell[1720]: cr_declaration_parse_list_from_buf: assertion 'parser' failed
Oct 01 01:21:27 ubuntu dbus-daemon[1505]: [session uid=1000 pid=1505] Activating service name='org.gnome.Nautilus' requested by ':1.38' (uid=1000 pid=1720 comm="/usr/bin/gnome-shell " label="unconfined")
Oct 01 01:21:27 ubuntu gnome-shell[1720]: cr_parser_new_from_buf: assertion 'a_buf && a_len' failed
Oct 01 01:21:27 ubuntu gnome-shell[1720]: cr_declaration_parse_list_from_buf: assertion 'parser' failed
Oct 01 01:21:27 ubuntu dbus-daemon[1505]: [session uid=1000 pid=1505] Successfully activated service 'org.gnome.Nautilus'
Oct 01 01:21:27 ubuntu org.gnome.Nautilus[69038]: Failed to register: Unable to acquire bus name 'org.gnome.Nautilus'
Oct 01 01:21:27 ubuntu dbus-daemon[1505]: [session uid=1000 pid=1505] Successfully activated service 'org.freedesktop.FileManager1'
Oct 01 01:21:28 ubuntu gnome-shell[1720]: cr_parser_new_from_buf: assertion 'a_buf && a_len' failed
Oct 01 01:21:28 ubuntu gnome-shell[1720]: cr_declaration_parse_list_from_buf: assertion 'parser' failed
Oct 01 01:21:28 ubuntu gnome-shell[1720]: Window manager warning: Overwriting existing binding of keysym 31 with keysym 31 (keycode a).
Oct 01 01:21:28 ubuntu gnome-shell[1720]: Window manager warning: Overwriting existing binding of keysym 32 with keysym 32 (keycode b).
Oct 01 01:21:28 ubuntu gnome-shell[1720]: Window manager warning: Overwriting existing binding of keysym 33 with keysym 33 (keycode c).
Oct 01 01:21:28 ubuntu gnome-shell[1720]: Window manager warning: Overwriting existing binding of keysym 34 with keysym 34 (keycode d).
Oct 01 01:21:28 ubuntu gnome-shell[1720]: Window manager warning: Overwriting existing binding of keysym 35 with keysym 35 (keycode e).
Oct 01 01:21:28 ubuntu gnome-shell[1720]: Window manager warning: Overwriting existing binding of keysym 38 with keysym 38 (keycode 11).
Oct 01 01:21:28 ubuntu gnome-shell[1720]: Window manager warning: Overwriting existing binding of keysym 39 with keysym 39 (keycode 12).
Oct 01 01:21:28 ubuntu gnome-shell[1720]: Window manager warning: Overwriting existing binding of keysym 36 with keysym 36 (keycode f).
Oct 01 01:21:28 ubuntu gnome-shell[1720]: Window manager warning: Overwriting existing binding of keysym 37 with keysym 37 (keycode 10).
Oct 01 01:21:54 ubuntu systemd[1]: fprintd.service: Succeeded.
Oct 01 01:24:32 ubuntu NetworkManager[812]: <info>  [1790843072.8296] dhcp4 (ens33): option dhcp_lease_time      => '1800'
Oct 01 01:24:32 ubuntu NetworkManager[812]: <info>  [1790843072.8297] dhcp4 (ens33): option domain_name          => 'localdomain'
Oct 01 01:24:32 ubuntu dbus-daemon[808]: [system] Activating via systemd: service name='org.freedesktop.nm_dispatcher' unit='dbus-org.freedesktop.nm-dispatcher.service' requested by ':1.12' (uid=0 pid=812 comm="/usr/sbin/NetworkManager --no-daemon " label="unconfined")
Oct 01 01:24:32 ubuntu NetworkManager[812]: <info>  [1790843072.8297] dhcp4 (ens33): option domain_name_servers  => '192.168.105.2'
Oct 01 01:24:32 ubuntu NetworkManager[812]: <info>  [1790843072.8297] dhcp4 (ens33): option expiry               => '1790844872'
Oct 01 01:24:32 ubuntu NetworkManager[812]: <info>  [1790843072.8297] dhcp4 (ens33): option ip_address           => '192.168.105.130'
Oct 01 01:24:32 ubuntu NetworkManager[812]: <info>  [1790843072.8297] dhcp4 (ens33): option next_server          => '192.168.105.254'
Oct 01 01:24:32 ubuntu NetworkManager[812]: <info>  [1790843072.8297] dhcp4 (ens33): option requested_broadcast_address => '1'
Oct 01 01:24:32 ubuntu NetworkManager[812]: <info>  [1790843072.8297] dhcp4 (ens33): option requested_domain_name => '1'
Oct 01 01:24:32 ubuntu NetworkManager[812]: <info>  [1790843072.8297] dhcp4 (ens33): option requested_domain_name_servers => '1'
Oct 01 01:24:32 ubuntu NetworkManager[812]: <info>  [1790843072.8297] dhcp4 (ens33): option requested_domain_search => '1'
Oct 01 01:24:32 ubuntu NetworkManager[812]: <info>  [1790843072.8297] dhcp4 (ens33): option requested_host_name  => '1'
Oct 01 01:24:32 ubuntu NetworkManager[812]: <info>  [1790843072.8297] dhcp4 (ens33): option requested_interface_mtu => '1'
Oct 01 01:24:32 ubuntu NetworkManager[812]: <info>  [1790843072.8297] dhcp4 (ens33): option requested_ms_classless_static_routes => '1'
Oct 01 01:24:32 ubuntu NetworkManager[812]: <info>  [1790843072.8297] dhcp4 (ens33): option requested_nis_domain => '1'
Oct 01 01:24:32 ubuntu NetworkManager[812]: <info>  [1790843072.8297] dhcp4 (ens33): option requested_nis_servers => '1'
Oct 01 01:24:32 ubuntu NetworkManager[812]: <info>  [1790843072.8297] dhcp4 (ens33): option requested_ntp_servers => '1'
Oct 01 01:24:32 ubuntu NetworkManager[812]: <info>  [1790843072.8297] dhcp4 (ens33): option requested_rfc3442_classless_static_routes => '1'
Oct 01 01:24:32 ubuntu NetworkManager[812]: <info>  [1790843072.8297] dhcp4 (ens33): option requested_root_path  => '1'
Oct 01 01:24:32 ubuntu NetworkManager[812]: <info>  [1790843072.8297] dhcp4 (ens33): option requested_routers    => '1'
Oct 01 01:24:32 ubuntu NetworkManager[812]: <info>  [1790843072.8297] dhcp4 (ens33): option requested_static_routes => '1'
Oct 01 01:24:32 ubuntu NetworkManager[812]: <info>  [1790843072.8297] dhcp4 (ens33): option requested_subnet_mask => '1'
Oct 01 01:24:32 ubuntu NetworkManager[812]: <info>  [1790843072.8297] dhcp4 (ens33): option requested_time_offset => '1'
Oct 01 01:24:32 ubuntu NetworkManager[812]: <info>  [1790843072.8297] dhcp4 (ens33): option requested_wpad       => '1'
Oct 01 01:24:32 ubuntu NetworkManager[812]: <info>  [1790843072.8298] dhcp4 (ens33): option routers              => '192.168.105.2'
Oct 01 01:24:32 ubuntu NetworkManager[812]: <info>  [1790843072.8298] dhcp4 (ens33): option subnet_mask          => '255.255.255.0'
Oct 01 01:24:32 ubuntu NetworkManager[812]: <info>  [1790843072.8298] dhcp4 (ens33): state changed extended -> extended
Oct 01 01:24:32 ubuntu systemd[1]: Starting Network Manager Script Dispatcher Service...
Oct 01 01:24:32 ubuntu dbus-daemon[808]: [system] Successfully activated service 'org.freedesktop.nm_dispatcher'
Oct 01 01:24:32 ubuntu systemd[1]: Started Network Manager Script Dispatcher Service.
Oct 01 01:24:43 ubuntu systemd[1]: NetworkManager-dispatcher.service: Succeeded.
Oct 01 01:32:01 ubuntu dbus-daemon[1505]: [session uid=1000 pid=1505] Activating via systemd: service name='org.freedesktop.Tracker1' unit='tracker-store.service' requested by ':1.1' (uid=1000 pid=1502 comm="/usr/libexec/tracker-miner-fs " label="unconfined")
Oct 01 01:32:01 ubuntu systemd[1494]: Starting Tracker metadata database store and lookup manager...
Oct 01 01:32:01 ubuntu dbus-daemon[1505]: [session uid=1000 pid=1505] Successfully activated service 'org.freedesktop.Tracker1'
Oct 01 01:32:01 ubuntu systemd[1494]: Started Tracker metadata database store and lookup manager.
Oct 01 01:32:31 ubuntu tracker-store[69083]: OK
Oct 01 01:32:31 ubuntu systemd[1494]: tracker-store.service: Succeeded.
Oct 01 01:32:34 ubuntu stress-ng[69103]: invoked with 'stress-n' by user 1000
Oct 01 01:32:34 ubuntu stress-ng[69103]: system: 'ubuntu' Linux 5.15.0-139-generic #149~20.04.1-Ubuntu SMP Wed Apr 16 08:29:56 UTC 2025 x86_64
Oct 01 01:32:34 ubuntu stress-ng[69103]: memory (MB): total 7901.96, free 4141.39, shared 2.38, buffer 122.42, swap 923.26, free swap 921.62
Oct 01 01:32:44 ubuntu stress-ng[69114]: invoked with 'stress-n' by user 1000
Oct 01 01:32:44 ubuntu stress-ng[69114]: system: 'ubuntu' Linux 5.15.0-139-generic #149~20.04.1-Ubuntu SMP Wed Apr 16 08:29:56 UTC 2025 x86_64
Oct 01 01:32:44 ubuntu stress-ng[69114]: memory (MB): total 7901.96, free 4137.50, shared 2.47, buffer 122.42, swap 923.26, free swap 921.62
Oct 01 01:33:05 ubuntu stress-ng[69149]: invoked with 'stress-n' by user 1000
Oct 01 01:33:05 ubuntu stress-ng[69149]: system: 'ubuntu' Linux 5.15.0-139-generic #149~20.04.1-Ubuntu SMP Wed Apr 16 08:29:56 UTC 2025 x86_64
Oct 01 01:33:05 ubuntu stress-ng[69149]: memory (MB): total 7901.96, free 4061.05, shared 2.41, buffer 122.43, swap 923.26, free swap 921.62
Oct 01 01:38:12 ubuntu stress-ng[69184]: invoked with 'stress-n' by user 1000
Oct 01 01:38:12 ubuntu stress-ng[69184]: system: 'ubuntu' Linux 5.15.0-139-generic #149~20.04.1-Ubuntu SMP Wed Apr 16 08:29:56 UTC 2025 x86_64
Oct 01 01:38:12 ubuntu stress-ng[69184]: memory (MB): total 7901.96, free 4060.11, shared 2.38, buffer 122.49, swap 923.26, free swap 921.62
Oct 01 01:38:23 ubuntu stress-ng[69195]: invoked with 'stress-n' by user 1000
Oct 01 01:38:23 ubuntu stress-ng[69195]: system: 'ubuntu' Linux 5.15.0-139-generic #149~20.04.1-Ubuntu SMP Wed Apr 16 08:29:56 UTC 2025 x86_64
Oct 01 01:38:23 ubuntu stress-ng[69195]: memory (MB): total 7901.96, free 4056.96, shared 2.38, buffer 122.50, swap 923.26, free swap 921.62
Oct 01 01:38:44 ubuntu stress-ng[69230]: invoked with 'stress-n' by user 1000
Oct 01 01:38:44 ubuntu stress-ng[69230]: system: 'ubuntu' Linux 5.15.0-139-generic #149~20.04.1-Ubuntu SMP Wed Apr 16 08:29:56 UTC 2025 x86_64
Oct 01 01:38:44 ubuntu stress-ng[69230]: memory (MB): total 7901.96, free 4127.58, shared 2.38, buffer 122.54, swap 923.26, free swap 921.66
Oct 01 01:39:32 ubuntu NetworkManager[812]: <info>  [1790843972.8311] dhcp4 (ens33): option dhcp_lease_time      => '1800'
Oct 01 01:39:32 ubuntu NetworkManager[812]: <info>  [1790843972.8311] dhcp4 (ens33): option domain_name          => 'localdomain'
Oct 01 01:39:32 ubuntu dbus-daemon[808]: [system] Activating via systemd: service name='org.freedesktop.nm_dispatcher' unit='dbus-org.freedesktop.nm-dispatcher.service' requested by ':1.12' (uid=0 pid=812 comm="/usr/sbin/NetworkManager --no-daemon " label="unconfined")
Oct 01 01:39:32 ubuntu NetworkManager[812]: <info>  [1790843972.8311] dhcp4 (ens33): option domain_name_servers  => '192.168.105.2'
Oct 01 01:39:32 ubuntu NetworkManager[812]: <info>  [1790843972.8311] dhcp4 (ens33): option expiry               => '1790845772'
Oct 01 01:39:32 ubuntu NetworkManager[812]: <info>  [1790843972.8311] dhcp4 (ens33): option ip_address           => '192.168.105.130'
Oct 01 01:39:32 ubuntu NetworkManager[812]: <info>  [1790843972.8311] dhcp4 (ens33): option next_server          => '192.168.105.254'
Oct 01 01:39:32 ubuntu NetworkManager[812]: <info>  [1790843972.8311] dhcp4 (ens33): option requested_broadcast_address => '1'
Oct 01 01:39:32 ubuntu NetworkManager[812]: <info>  [1790843972.8311] dhcp4 (ens33): option requested_domain_name => '1'
Oct 01 01:39:32 ubuntu NetworkManager[812]: <info>  [1790843972.8311] dhcp4 (ens33): option requested_domain_name_servers => '1'
Oct 01 01:39:32 ubuntu NetworkManager[812]: <info>  [1790843972.8311] dhcp4 (ens33): option requested_domain_search => '1'
Oct 01 01:39:32 ubuntu NetworkManager[812]: <info>  [1790843972.8311] dhcp4 (ens33): option requested_host_name  => '1'
Oct 01 01:39:32 ubuntu NetworkManager[812]: <info>  [1790843972.8312] dhcp4 (ens33): option requested_interface_mtu => '1'
Oct 01 01:39:32 ubuntu NetworkManager[812]: <info>  [1790843972.8312] dhcp4 (ens33): option requested_ms_classless_static_routes => '1'
Oct 01 01:39:32 ubuntu NetworkManager[812]: <info>  [1790843972.8312] dhcp4 (ens33): option requested_nis_domain => '1'
Oct 01 01:39:32 ubuntu NetworkManager[812]: <info>  [1790843972.8312] dhcp4 (ens33): option requested_nis_servers => '1'
Oct 01 01:39:32 ubuntu NetworkManager[812]: <info>  [1790843972.8312] dhcp4 (ens33): option requested_ntp_servers => '1'
Oct 01 01:39:32 ubuntu NetworkManager[812]: <info>  [1790843972.8312] dhcp4 (ens33): option requested_rfc3442_classless_static_routes => '1'
Oct 01 01:39:32 ubuntu NetworkManager[812]: <info>  [1790843972.8312] dhcp4 (ens33): option requested_root_path  => '1'
Oct 01 01:39:32 ubuntu NetworkManager[812]: <info>  [1790843972.8312] dhcp4 (ens33): option requested_routers    => '1'
Oct 01 01:39:32 ubuntu NetworkManager[812]: <info>  [1790843972.8312] dhcp4 (ens33): option requested_static_routes => '1'
Oct 01 01:39:32 ubuntu NetworkManager[812]: <info>  [1790843972.8312] dhcp4 (ens33): option requested_subnet_mask => '1'
Oct 01 01:39:32 ubuntu NetworkManager[812]: <info>  [1790843972.8312] dhcp4 (ens33): option requested_time_offset => '1'
Oct 01 01:39:32 ubuntu NetworkManager[812]: <info>  [1790843972.8312] dhcp4 (ens33): option requested_wpad       => '1'
Oct 01 01:39:32 ubuntu NetworkManager[812]: <info>  [1790843972.8312] dhcp4 (ens33): option routers              => '192.168.105.2'
Oct 01 01:39:32 ubuntu NetworkManager[812]: <info>  [1790843972.8312] dhcp4 (ens33): option subnet_mask          => '255.255.255.0'
Oct 01 01:39:32 ubuntu NetworkManager[812]: <info>  [1790843972.8312] dhcp4 (ens33): state changed extended -> extended
Oct 01 01:39:32 ubuntu systemd[1]: Starting Network Manager Script Dispatcher Service...
Oct 01 01:39:32 ubuntu dbus-daemon[808]: [system] Successfully activated service 'org.freedesktop.nm_dispatcher'
Oct 01 01:39:32 ubuntu systemd[1]: Started Network Manager Script Dispatcher Service.
Oct 01 01:39:43 ubuntu systemd[1]: NetworkManager-dispatcher.service: Succeeded.
Oct 01 01:47:12 ubuntu gnome-shell[1720]: cr_parser_new_from_buf: assertion 'a_buf && a_len' failed
Oct 01 01:47:12 ubuntu gnome-shell[1720]: cr_declaration_parse_list_from_buf: assertion 'parser' failed
Oct 01 01:47:12 ubuntu gnome-shell[1720]: cr_parser_new_from_buf: assertion 'a_buf && a_len' failed
Oct 01 01:47:12 ubuntu gnome-shell[1720]: cr_declaration_parse_list_from_buf: assertion 'parser' failed
Oct 01 01:47:12 ubuntu gnome-shell[1720]: g_dbus_connection_emit_signal: assertion 'G_IS_DBUS_CONNECTION (connection)' failed
Oct 01 01:47:12 ubuntu gnome-shell[1720]: cr_parser_new_from_buf: assertion 'a_buf && a_len' failed
Oct 01 01:47:12 ubuntu gnome-shell[1720]: cr_declaration_parse_list_from_buf: assertion 'parser' failed
Oct 01 01:47:13 ubuntu dbus-daemon[808]: [system] Activating via systemd: service name='net.reactivated.Fprint' unit='fprintd.service' requested by ':1.81' (uid=1000 pid=1720 comm="/usr/bin/gnome-shell " label="unconfined")
Oct 01 01:47:13 ubuntu systemd[1]: Starting Fingerprint Authentication Daemon...
Oct 01 01:47:13 ubuntu dbus-daemon[808]: [system] Successfully activated service 'net.reactivated.Fprint'
Oct 01 01:47:13 ubuntu systemd[1]: Started Fingerprint Authentication Daemon.
Oct 01 01:47:15 ubuntu gdm-password][69272]: gkr-pam: unlocked login keyring
Oct 01 01:47:15 ubuntu gnome-shell[1720]: cr_parser_new_from_buf: assertion 'a_buf && a_len' failed
Oct 01 01:47:15 ubuntu gnome-shell[1720]: cr_declaration_parse_list_from_buf: assertion 'parser' failed
Oct 01 01:47:15 ubuntu NetworkManager[812]: <info>  [1790844435.2982] agent-manager: agent[3beabef5a7bf0cac,:1.81/org.gnome.Shell.NetworkAgent/1000]: agent registered
Oct 01 01:47:15 ubuntu dbus-daemon[1505]: [session uid=1000 pid=1505] Activating service name='org.freedesktop.FileManager1' requested by ':1.38' (uid=1000 pid=1720 comm="/usr/bin/gnome-shell " label="unconfined")
Oct 01 01:47:15 ubuntu gnome-shell[1720]: cr_parser_new_from_buf: assertion 'a_buf && a_len' failed
Oct 01 01:47:15 ubuntu gnome-shell[1720]: cr_declaration_parse_list_from_buf: assertion 'parser' failed
Oct 01 01:47:15 ubuntu dbus-daemon[1505]: [session uid=1000 pid=1505] Activating service name='org.gnome.Nautilus' requested by ':1.38' (uid=1000 pid=1720 comm="/usr/bin/gnome-shell " label="unconfined")
Oct 01 01:47:15 ubuntu gnome-shell[1720]: cr_parser_new_from_buf: assertion 'a_buf && a_len' failed
Oct 01 01:47:15 ubuntu gnome-shell[1720]: cr_declaration_parse_list_from_buf: assertion 'parser' failed
Oct 01 01:47:15 ubuntu dbus-daemon[1505]: [session uid=1000 pid=1505] Successfully activated service 'org.gnome.Nautilus'
Oct 01 01:47:15 ubuntu org.gnome.Nautilus[69284]: Failed to register: Unable to acquire bus name 'org.gnome.Nautilus'
Oct 01 01:47:15 ubuntu dbus-daemon[1505]: [session uid=1000 pid=1505] Successfully activated service 'org.freedesktop.FileManager1'
Oct 01 01:47:15 ubuntu gnome-shell[1720]: cr_parser_new_from_buf: assertion 'a_buf && a_len' failed
Oct 01 01:47:15 ubuntu gnome-shell[1720]: cr_declaration_parse_list_from_buf: assertion 'parser' failed
Oct 01 01:47:15 ubuntu gnome-shell[1720]: Window manager warning: Overwriting existing binding of keysym 31 with keysym 31 (keycode a).
Oct 01 01:47:15 ubuntu gnome-shell[1720]: Window manager warning: Overwriting existing binding of keysym 32 with keysym 32 (keycode b).
Oct 01 01:47:15 ubuntu gnome-shell[1720]: Window manager warning: Overwriting existing binding of keysym 33 with keysym 33 (keycode c).
Oct 01 01:47:15 ubuntu gnome-shell[1720]: Window manager warning: Overwriting existing binding of keysym 34 with keysym 34 (keycode d).
Oct 01 01:47:15 ubuntu gnome-shell[1720]: Window manager warning: Overwriting existing binding of keysym 35 with keysym 35 (keycode e).
Oct 01 01:47:15 ubuntu gnome-shell[1720]: Window manager warning: Overwriting existing binding of keysym 36 with keysym 36 (keycode f).
Oct 01 01:47:15 ubuntu gnome-shell[1720]: Window manager warning: Overwriting existing binding of keysym 37 with keysym 37 (keycode 10).
Oct 01 01:47:15 ubuntu gnome-shell[1720]: Window manager warning: Overwriting existing binding of keysym 38 with keysym 38 (keycode 11).
Oct 01 01:47:15 ubuntu gnome-shell[1720]: Window manager warning: Overwriting existing binding of keysym 39 with keysym 39 (keycode 12).
Oct 01 01:47:43 ubuntu systemd[1]: fprintd.service: Succeeded.
Oct 01 01:49:20 ubuntu dbus-daemon[1505]: [session uid=1000 pid=1505] Activating via systemd: service name='org.freedesktop.Tracker1' unit='tracker-store.service' requested by ':1.1' (uid=1000 pid=1502 comm="/usr/libexec/tracker-miner-fs " label="unconfined")
Oct 01 01:49:20 ubuntu systemd[1494]: Starting Tracker metadata database store and lookup manager...
Oct 01 01:49:20 ubuntu dbus-daemon[1505]: [session uid=1000 pid=1505] Successfully activated service 'org.freedesktop.Tracker1'
Oct 01 01:49:20 ubuntu systemd[1494]: Started Tracker metadata database store and lookup manager.
Oct 01 01:49:50 ubuntu tracker-store[69313]: OK
Oct 01 01:49:50 ubuntu systemd[1494]: tracker-store.service: Succeeded.
Oct 01 01:54:10 ubuntu dbus-daemon[1505]: [session uid=1000 pid=1505] Activating via systemd: service name='org.freedesktop.Tracker1' unit='tracker-store.service' requested by ':1.1' (uid=1000 pid=1502 comm="/usr/libexec/tracker-miner-fs " label="unconfined")
Oct 01 01:54:10 ubuntu systemd[1494]: Starting Tracker metadata database store and lookup manager...
Oct 01 01:54:10 ubuntu dbus-daemon[1505]: [session uid=1000 pid=1505] Successfully activated service 'org.freedesktop.Tracker1'
Oct 01 01:54:10 ubuntu systemd[1494]: Started Tracker metadata database store and lookup manager.
Oct 01 01:54:32 ubuntu NetworkManager[812]: <info>  [1790844872.8433] dhcp4 (ens33): option dhcp_lease_time      => '1800'
Oct 01 01:54:32 ubuntu NetworkManager[812]: <info>  [1790844872.8433] dhcp4 (ens33): option domain_name          => 'localdomain'
Oct 01 01:54:32 ubuntu dbus-daemon[808]: [system] Activating via systemd: service name='org.freedesktop.nm_dispatcher' unit='dbus-org.freedesktop.nm-dispatcher.service' requested by ':1.12' (uid=0 pid=812 comm="/usr/sbin/NetworkManager --no-daemon " label="unconfined")
Oct 01 01:54:32 ubuntu NetworkManager[812]: <info>  [1790844872.8433] dhcp4 (ens33): option domain_name_servers  => '192.168.105.2'
Oct 01 01:54:32 ubuntu NetworkManager[812]: <info>  [1790844872.8433] dhcp4 (ens33): option expiry               => '1790846672'
Oct 01 01:54:32 ubuntu NetworkManager[812]: <info>  [1790844872.8433] dhcp4 (ens33): option ip_address           => '192.168.105.130'
Oct 01 01:54:32 ubuntu NetworkManager[812]: <info>  [1790844872.8433] dhcp4 (ens33): option next_server          => '192.168.105.254'
Oct 01 01:54:32 ubuntu NetworkManager[812]: <info>  [1790844872.8433] dhcp4 (ens33): option requested_broadcast_address => '1'
Oct 01 01:54:32 ubuntu NetworkManager[812]: <info>  [1790844872.8433] dhcp4 (ens33): option requested_domain_name => '1'
Oct 01 01:54:32 ubuntu NetworkManager[812]: <info>  [1790844872.8434] dhcp4 (ens33): option requested_domain_name_servers => '1'
Oct 01 01:54:32 ubuntu NetworkManager[812]: <info>  [1790844872.8434] dhcp4 (ens33): option requested_domain_search => '1'
Oct 01 01:54:32 ubuntu NetworkManager[812]: <info>  [1790844872.8434] dhcp4 (ens33): option requested_host_name  => '1'
Oct 01 01:54:32 ubuntu NetworkManager[812]: <info>  [1790844872.8434] dhcp4 (ens33): option requested_interface_mtu => '1'
Oct 01 01:54:32 ubuntu NetworkManager[812]: <info>  [1790844872.8434] dhcp4 (ens33): option requested_ms_classless_static_routes => '1'
Oct 01 01:54:32 ubuntu NetworkManager[812]: <info>  [1790844872.8434] dhcp4 (ens33): option requested_nis_domain => '1'
Oct 01 01:54:32 ubuntu NetworkManager[812]: <info>  [1790844872.8434] dhcp4 (ens33): option requested_nis_servers => '1'
Oct 01 01:54:32 ubuntu NetworkManager[812]: <info>  [1790844872.8434] dhcp4 (ens33): option requested_ntp_servers => '1'
Oct 01 01:54:32 ubuntu NetworkManager[812]: <info>  [1790844872.8434] dhcp4 (ens33): option requested_rfc3442_classless_static_routes => '1'
Oct 01 01:54:32 ubuntu NetworkManager[812]: <info>  [1790844872.8434] dhcp4 (ens33): option requested_root_path  => '1'
Oct 01 01:54:32 ubuntu NetworkManager[812]: <info>  [1790844872.8434] dhcp4 (ens33): option requested_routers    => '1'
Oct 01 01:54:32 ubuntu NetworkManager[812]: <info>  [1790844872.8434] dhcp4 (ens33): option requested_static_routes => '1'
Oct 01 01:54:32 ubuntu NetworkManager[812]: <info>  [1790844872.8434] dhcp4 (ens33): option requested_subnet_mask => '1'
Oct 01 01:54:32 ubuntu NetworkManager[812]: <info>  [1790844872.8434] dhcp4 (ens33): option requested_time_offset => '1'
Oct 01 01:54:32 ubuntu NetworkManager[812]: <info>  [1790844872.8434] dhcp4 (ens33): option requested_wpad       => '1'
Oct 01 01:54:32 ubuntu NetworkManager[812]: <info>  [1790844872.8434] dhcp4 (ens33): option routers              => '192.168.105.2'
Oct 01 01:54:32 ubuntu NetworkManager[812]: <info>  [1790844872.8434] dhcp4 (ens33): option subnet_mask          => '255.255.255.0'
Oct 01 01:54:32 ubuntu NetworkManager[812]: <info>  [1790844872.8434] dhcp4 (ens33): state changed extended -> extended
Oct 01 01:54:32 ubuntu systemd[1]: Starting Network Manager Script Dispatcher Service...
Oct 01 01:54:32 ubuntu dbus-daemon[808]: [system] Successfully activated service 'org.freedesktop.nm_dispatcher'
Oct 01 01:54:32 ubuntu systemd[1]: Started Network Manager Script Dispatcher Service.
Oct 01 01:54:40 ubuntu tracker-store[69331]: OK
Oct 01 01:54:40 ubuntu systemd[1494]: tracker-store.service: Succeeded.
Oct 01 01:54:43 ubuntu systemd[1]: NetworkManager-dispatcher.service: Succeeded.
Oct 01 01:57:28 ubuntu dbus-daemon[1505]: [session uid=1000 pid=1505] Activating via systemd: service name='org.freedesktop.Tracker1' unit='tracker-store.service' requested by ':1.1' (uid=1000 pid=1502 comm="/usr/libexec/tracker-miner-fs " label="unconfined")
Oct 01 01:57:28 ubuntu systemd[1494]: Starting Tracker metadata database store and lookup manager...
Oct 01 01:57:28 ubuntu dbus-daemon[1505]: [session uid=1000 pid=1505] Successfully activated service 'org.freedesktop.Tracker1'
Oct 01 01:57:28 ubuntu systemd[1494]: Started Tracker metadata database store and lookup manager.
Oct 01 01:57:35 ubuntu stress-ng[69368]: invoked with 'stress-n' by user 1000
Oct 01 01:57:35 ubuntu stress-ng[69368]: system: 'ubuntu' Linux 5.15.0-139-generic #149~20.04.1-Ubuntu SMP Wed Apr 16 08:29:56 UTC 2025 x86_64
Oct 01 01:57:35 ubuntu stress-ng[69368]: memory (MB): total 7901.96, free 4113.35, shared 2.38, buffer 122.87, swap 923.26, free swap 921.66
Oct 01 01:57:46 ubuntu stress-ng[69379]: invoked with 'stress-n' by user 1000
Oct 01 01:57:46 ubuntu stress-ng[69379]: system: 'ubuntu' Linux 5.15.0-139-generic #149~20.04.1-Ubuntu SMP Wed Apr 16 08:29:56 UTC 2025 x86_64
Oct 01 01:57:46 ubuntu stress-ng[69379]: memory (MB): total 7901.96, free 4104.49, shared 2.38, buffer 122.87, swap 923.26, free swap 921.66
Oct 01 01:57:58 ubuntu tracker-store[69351]: OK
Oct 01 01:57:58 ubuntu systemd[1494]: tracker-store.service: Succeeded.
Oct 01 01:58:07 ubuntu stress-ng[69417]: invoked with 'stress-n' by user 1000
Oct 01 01:58:07 ubuntu stress-ng[69417]: system: 'ubuntu' Linux 5.15.0-139-generic #149~20.04.1-Ubuntu SMP Wed Apr 16 08:29:56 UTC 2025 x86_64
Oct 01 01:58:07 ubuntu stress-ng[69417]: memory (MB): total 7901.96, free 4066.00, shared 2.38, buffer 122.89, swap 923.26, free swap 921.73
