test_io: (g=0): rw=read, bs=(R) 4096B-4096B, (W) 4096B-4096B, (T) 4096B-4096B, ioengine=psync, iodepth=1
fio-3.16
Starting 1 process

test_io: (groupid=0, jobs=1): err= 0: pid=58011: Sun Sep 27 00:43:15 2026
  read: IOPS=326k, BW=1272MiB/s (1333MB/s)(12.4GiB/10001msec)
    clat (nsec): min=212, max=2085.5k, avg=2759.43, stdev=19010.51
     lat (nsec): min=227, max=2085.5k, avg=2784.98, stdev=19013.66
    clat percentiles (nsec):
     |  1.00th=[   229],  5.00th=[   235], 10.00th=[   239], 20.00th=[   245],
     | 30.00th=[   251], 40.00th=[   258], 50.00th=[   266], 60.00th=[   306],
     | 70.00th=[   334], 80.00th=[   358], 90.00th=[   474], 95.00th=[   700],
     | 99.00th=[117248], 99.50th=[156672], 99.90th=[211968], 99.95th=[234496],
     | 99.99th=[337920]
   bw (  MiB/s): min= 1222, max= 1290, per=99.99%, avg=1271.46, stdev=16.35, samples=19
   iops        : min=313082, max=330478, avg=325493.58, stdev=4185.54, samples=19
  lat (nsec)   : 250=27.38%, 500=63.92%, 750=4.23%, 1000=1.14%
  lat (usec)   : 2=0.33%, 4=0.02%, 10=0.84%, 20=0.51%, 50=0.03%
  lat (usec)   : 100=0.02%, 250=1.52%, 500=0.03%, 750=0.01%, 1000=0.01%
  lat (msec)   : 2=0.01%, 4=0.01%
  cpu          : usr=1.51%, sys=97.94%, ctx=1026, majf=0, minf=11
  IO depths    : 1=100.0%, 2=0.0%, 4=0.0%, 8=0.0%, 16=0.0%, 32=0.0%, >=64=0.0%
     submit    : 0=0.0%, 4=100.0%, 8=0.0%, 16=0.0%, 32=0.0%, 64=0.0%, >=64=0.0%
     complete  : 0=0.0%, 4=100.0%, 8=0.0%, 16=0.0%, 32=0.0%, 64=0.0%, >=64=0.0%
     issued rwts: total=3255632,0,0,0 short=0,0,0,0 dropped=0,0,0,0
     latency   : target=0, window=0, percentile=100.00%, depth=1

Run status group 0 (all jobs):
   READ: bw=1272MiB/s (1333MB/s), 1272MiB/s-1272MiB/s (1333MB/s-1333MB/s), io=12.4GiB (13.3GB), run=10001-10001msec

Disk stats (read/write):
  sda: ios=50774/59, merge=0/17, ticks=7082/25, in_queue=7107, util=99.02%
